[ramahardian.my.id/templatedemo/laki/index.html]
[backblue.gif]
[fade.gif]
[index.html]
[ramahardian.my.id/templatedemo/laki/css/bootstrap.min.css]
[ramahardian.my.id/templatedemo/laki/css/fontawesome.css]
[ramahardian.my.id/templatedemo/laki/css/magnific.css]
[ramahardian.my.id/templatedemo/laki/css/headline.css]
[ramahardian.my.id/templatedemo/laki/css/owl.carousel.min.css]
[ramahardian.my.id/templatedemo/laki/css/owl.theme.default.min.css]
[ramahardian.my.id/templatedemo/laki/css/jquerymodal.css]
[ramahardian.my.id/templatedemo/laki/css/animated.css]
[ramahardian.my.id/templatedemo/laki/css/main.css]
[ramahardian.my.id/templatedemo/laki/css/responsive.css]
[ramahardian.my.id/templatedemo/laki/image/asset/logo.png]
[ramahardian.my.id/templatedemo/laki/image/hero/2.jpg]
[ramahardian.my.id/templatedemo/laki/image/random/1.jpg]
[ramahardian.my.id/templatedemo/laki/image/hero/6.jpg]
[ramahardian.my.id/templatedemo/laki/image/client/1.png]
[ramahardian.my.id/templatedemo/laki/image/client/3.png]
[ramahardian.my.id/templatedemo/laki/image/client/4.png]
[ramahardian.my.id/templatedemo/laki/image/client/2.png]
[ramahardian.my.id/templatedemo/laki/portfolio/1.html]
[ramahardian.my.id/templatedemo/laki/image/gallery/3.jpg]
[ramahardian.my.id/templatedemo/laki/image/gallery/1.jpg]
[ramahardian.my.id/templatedemo/laki/image/gallery/2.jpg]
[ramahardian.my.id/templatedemo/laki/image/gallery/4.jpg]
[ramahardian.my.id/templatedemo/laki/image/gallery/6.jpg]
[ramahardian.my.id/templatedemo/laki/image/gallery/5.jpg]
[ramahardian.my.id/templatedemo/laki/image/user/1.jpg]
[ramahardian.my.id/templatedemo/laki/image/user/2.jpg]
[ramahardian.my.id/templatedemo/laki/image/user/3.jpg]
[ramahardian.my.id/templatedemo/laki/image/user/4.jpg]
[ramahardian.my.id/templatedemo/laki/image/gallery/7.jpg]
[ramahardian.my.id/templatedemo/laki/image/gallery/8.jpg]
[ramahardian.my.id/templatedemo/laki/image/gallery/9.jpg]
[ramahardian.my.id/templatedemo/laki/image/random/2.jpg]
[ramahardian.my.id/cdn-cgi/scripts/5c5dd728/cloudflare-static/email-decode.min.js]
[ramahardian.my.id/templatedemo/laki/javascript/jquery.js]
[ramahardian.my.id/templatedemo/laki/javascript/bootstrap.min.js]
[ramahardian.my.id/templatedemo/laki/javascript/magnific.js]
[ramahardian.my.id/templatedemo/laki/javascript/owlcarousel.js]
[ramahardian.my.id/templatedemo/laki/javascript/headline.js]
[ramahardian.my.id/templatedemo/laki/javascript/isotope.js]
[ramahardian.my.id/templatedemo/laki/javascript/imageload.js]
[ramahardian.my.id/templatedemo/laki/javascript/jquerymodal.js]
[ramahardian.my.id/templatedemo/laki/javascript/validation.js]
[ramahardian.my.id/templatedemo/laki/javascript/jarallax.js]
[ramahardian.my.id/templatedemo/laki/javascript/wow.js]
[ramahardian.my.id/templatedemo/laki/index.html]
[ramahardian.my.id/templatedemo/laki/css/bootstrap.min.css]
[ramahardian.my.id/templatedemo/laki/javascript/main.js]
[ramahardian.my.id/templatedemo/laki/font/fontawesome/fontawesome-webfont3e6e.eot]
[ramahardian.my.id/templatedemo/laki/font/fontawesome/fontawesome-webfontd41d.eot]
[ramahardian.my.id/templatedemo/laki/font/fontawesome/fontawesome-webfont3e6e.woff2]
[ramahardian.my.id/templatedemo/laki/font/fontawesome/fontawesome-webfont3e6e.woff]
[ramahardian.my.id/templatedemo/laki/font/fontawesome/fontawesome-webfont3e6e.ttf]
[ramahardian.my.id/templatedemo/laki/css/fontawesome.css]
[ramahardian.my.id/templatedemo/laki/css/magnific.css]
[ramahardian.my.id/templatedemo/laki/css/headline.css]
[ramahardian.my.id/templatedemo/laki/css/owl.video.play.png]
[ramahardian.my.id/templatedemo/laki/css/owl.carousel.min.css]
[ramahardian.my.id/templatedemo/laki/css/owl.theme.default.min.css]
[ramahardian.my.id/templatedemo/laki/css/jquerymodal.css]
[ramahardian.my.id/templatedemo/laki/css/animated.css]
[ramahardian.my.id/templatedemo/laki/css/main.css]
[ramahardian.my.id/templatedemo/laki/css/responsive.css]
[ramahardian.my.id/templatedemo/laki/portfolio/image/gallery/1.jpg]
[ramahardian.my.id/templatedemo/laki/portfolio/image/gallery/2.jpg]
[ramahardian.my.id/templatedemo/laki/portfolio/1.html]
[ramahardian.my.id/templatedemo/laki/font/fontawesome/fontawesome-webfont3e6e.svg]
[ramahardian.my.id/templatedemo/laki/font/fontawesome/fontawesome-webfont3e6e.svg]
[ramahardian.my.id/templatedemo/laki/css/owl.video.play.html]
[ramahardian.my.id/templatedemo/laki/portfolio/image/gallery/1.html]
[ramahardian.my.id/templatedemo/laki/portfolio/image/gallery/2.html]
